// Jest Snapshot v1, https://goo.gl/fbAQLP

exports[`Test snapshot Component should match snapshot 1`] = `
<DocumentFragment>
  <div
    class="flex-col-center"
  >
    <h1
      class="page-title"
    >
      Posts Details
    </h1>
    <div
      class="back-btn-wrapper"
    >
      <a
        class="back-btn"
        href="/app"
      >
        <svg
          class="arrow-left"
        >
          arrow-left.svg
        </svg>
         Go Back
      </a>
    </div>
    <div
      class="post-section undefined"
    >
      <div
        class="post-title"
      >
        Post with No Comments
      </div>
      <div
        class="post-body"
      >
        This post has no comments.
      </div>
      <span
        class="post-username"
      >
        User456
      </span>
      <hr />
      <div>
        <h3
          class="comment-title"
        >
           0 Comments
        </h3>
      </div>
    </div>
  </div>
</DocumentFragment>
`;
